// Jest Snapshot v1, https://goo.gl/fbAQLP

exports[`Page renders a button 1`] = `
<div>
  <button
    class="hover:bg-blue-900 ease-in duration-300 hover:scale-105 hover:border-blue-900 hover:text-white border border-blue-300 rounded-xl py-2 px-4 bg-white text-blue-900"
  >
    Test
  </button>
</div>
`;
